INFO: [VRFC 10-2263] Analyzing Verilog file "C:/Users/chowd/ENEL 453/Labs/Lab_7/Lab_7/Lab_7.gen/sources_1/ip/xadc_wiz_0/xadc_wiz_0.v" into library xil_defaultlib
INFO: [VRFC 10-311] analyzing module xadc_wiz_0
INFO: [VRFC 10-2263] Analyzing SystemVerilog file "C:/Users/chowd/ENEL 453/Labs/Lab_7/adc_processing.sv" into library xil_defaultlib
INFO: [VRFC 10-311] analyzing module adc_processing
INFO: [VRFC 10-2263] Analyzing SystemVerilog file "C:/Users/chowd/ENEL 453/Labs/Lab_7/averager.sv" into library xil_defaultlib
INFO: [VRFC 10-311] analyzing module averager
INFO: [VRFC 10-2263] Analyzing SystemVerilog file "C:/Users/chowd/ENEL 453/Labs/Lab_7/averager_simple.sv" into library xil_defaultlib
INFO: [VRFC 10-311] analyzing module averager_simple
INFO: [VRFC 10-2263] Analyzing SystemVerilog file "C:/Users/chowd/ENEL 453/Labs/Lab_7/bin_to_bcd.sv" into library xil_defaultlib
INFO: [VRFC 10-311] analyzing module bin_to_bcd
INFO: [VRFC 10-2263] Analyzing SystemVerilog file "C:/Users/chowd/ENEL 453/Labs/Lab_7/digit_multiplexor.sv" into library xil_defaultlib
INFO: [VRFC 10-311] analyzing module digit_multiplexor
INFO: [VRFC 10-2263] Analyzing SystemVerilog file "C:/Users/chowd/ENEL 453/Labs/Lab_7/downcounter.sv" into library xil_defaultlib
INFO: [VRFC 10-311] analyzing module downcounter
INFO: [VRFC 10-2263] Analyzing SystemVerilog file "C:/Users/chowd/ENEL 453/Labs/Lab_7/mux4_16_bits.sv" into library xil_defaultlib
INFO: [VRFC 10-311] analyzing module mux4_16_bits
INFO: [VRFC 10-2263] Analyzing SystemVerilog file "C:/Users/chowd/ENEL 453/Labs/Lab_7/output_mode_fsm.sv" into library xil_defaultlib
INFO: [VRFC 10-311] analyzing module output_mode_fsm
INFO: [VRFC 10-2263] Analyzing SystemVerilog file "C:/Users/chowd/ENEL 453/Labs/Lab_7/pwm.sv" into library xil_defaultlib
INFO: [VRFC 10-311] analyzing module pwm
INFO: [VRFC 10-2263] Analyzing SystemVerilog file "C:/Users/chowd/ENEL 453/Labs/Lab_7/sawtooth_waveform.sv" into library xil_defaultlib
INFO: [VRFC 10-311] analyzing module sawtooth_generator
WARNING: [VRFC 10-9336] redeclaration of ANSI port 'duty_cycle' is not allowed [C:/Users/chowd/ENEL 453/Labs/Lab_7/sawtooth_waveform.sv:38]
INFO: [VRFC 10-2263] Analyzing SystemVerilog file "C:/Users/chowd/ENEL 453/Labs/Lab_7/seven_segment_decoder.sv" into library xil_defaultlib
INFO: [VRFC 10-311] analyzing module seven_segment_decoder
INFO: [VRFC 10-2263] Analyzing SystemVerilog file "C:/Users/chowd/ENEL 453/Labs/Lab_7/seven_segment_digit_selector.sv" into library xil_defaultlib
INFO: [VRFC 10-311] analyzing module seven_segment_digit_selector
INFO: [VRFC 10-2263] Analyzing SystemVerilog file "C:/Users/chowd/ENEL 453/Labs/Lab_7/seven_segment_display_subsystem.sv" into library xil_defaultlib
INFO: [VRFC 10-311] analyzing module seven_segment_display_subsystem
INFO: [VRFC 10-2263] Analyzing SystemVerilog file "C:/Users/chowd/ENEL 453/Labs/Lab_7/lab_7_top_level.sv" into library xil_defaultlib
INFO: [VRFC 10-311] analyzing module lab_7_top_level
WARNING: [VRFC 10-9336] redeclaration of ANSI port 'pwm' is not allowed [C:/Users/chowd/ENEL 453/Labs/Lab_7/lab_7_top_level.sv:256]
INFO: [VRFC 10-2263] Analyzing SystemVerilog file "C:/Users/chowd/ENEL 453/Labs/Lab_7/mux_data_en.sv" into library xil_defaultlib
INFO: [VRFC 10-311] analyzing module mux_data_en
INFO: [VRFC 10-2263] Analyzing SystemVerilog file "C:/Users/chowd/ENEL 453/Labs/Lab_7/adc_processing_pwm.sv" into library xil_defaultlib
INFO: [VRFC 10-311] analyzing module adc_processing_pwm
INFO: [VRFC 10-2263] Analyzing SystemVerilog file "C:/Users/chowd/ENEL 453/Labs/Lab_7/pwm_ramp_adc_subsystem.sv" into library xil_defaultlib
INFO: [VRFC 10-311] analyzing module pwm_ramp_adc_subsystem
INFO: [VRFC 10-2263] Analyzing SystemVerilog file "C:/Users/chowd/ENEL 453/Labs/Lab_7/r2r_adc_subsystem.sv" into library xil_defaultlib
INFO: [VRFC 10-311] analyzing module r2r_adc_subsystem
INFO: [VRFC 10-2263] Analyzing SystemVerilog file "C:/Users/chowd/ENEL 453/Labs/Lab_7/sar_adc_subsystem.sv" into library xil_defaultlib
INFO: [VRFC 10-311] analyzing module sar_adc_subsystem
INFO: [VRFC 10-2263] Analyzing SystemVerilog file "C:/Users/chowd/ENEL 453/Labs/Lab_7/adc_processing_r2r.sv" into library xil_defaultlib
INFO: [VRFC 10-311] analyzing module adc_processing_r2r
INFO: [VRFC 10-2263] Analyzing SystemVerilog file "C:/Users/chowd/ENEL 453/Labs/Lab_7/mux2_16_bits.sv" into library xil_defaultlib
INFO: [VRFC 10-311] analyzing module mux2_16_bits
INFO: [VRFC 10-2263] Analyzing SystemVerilog file "C:/Users/chowd/ENEL 453/Labs/Lab_7/Lab_7/Lab_7.srcs/sources_1/new/sar_pwm.sv" into library xil_defaultlib
INFO: [VRFC 10-311] analyzing module sar_pwm
INFO: [VRFC 10-2263] Analyzing SystemVerilog file "C:/Users/chowd/ENEL 453/Labs/Lab_7/Lab_7/Lab_7.srcs/sources_1/new/sar_processing.sv" into library xil_defaultlib
INFO: [VRFC 10-311] analyzing module sar_processing
INFO: [VRFC 10-2263] Analyzing SystemVerilog file "C:/Users/chowd/ENEL 453/Labs/Lab_7/sar_adc_subsystem_tb.sv" into library xil_defaultlib
INFO: [VRFC 10-311] analyzing module sar_adc_subsystem_tb
INFO: [VRFC 10-2263] Analyzing Verilog file "C:/Users/chowd/ENEL 453/Labs/Lab_7/Lab_7/Lab_7.sim/sim_1/behav/xsim/glbl.v" into library xil_defaultlib
INFO: [VRFC 10-311] analyzing module glbl
